<html>
<body>
<pre>
<h1>µVision Build Log</h1>
<h2>Tool Versions:</h2>
IDE-Version: ¦ÌVision V5.14.0.0
Copyright (C) 2015 ARM Ltd and ARM Germany GmbH. All rights reserved.
License Information: kay lan5070@live.cn, kay, LIC=9N012-9CU7V-HPQZN-YV19V-87HG2-E5RLT
 
Tool Versions:
Toolchain:       MDK-ARM Professional  Version: 5.14.0.0
Toolchain Path:  C:\Keil\ARM\ARMCC\Bin
C Compiler:      Armcc.exe V5.05 update 1 (build 106)
Assembler:       Armasm.exe V5.05 update 1 (build 106)
Linker/Locator:  ArmLink.exe V5.05 update 1 (build 106)
Library Manager: ArmAr.exe V5.05 update 1 (build 106)
Hex Converter:   FromElf.exe V5.05 update 1 (build 106)
CPU DLL:         SARMCM3.DLL V5.14.0.0
Dialog DLL:      DCM.DLL V1.13.1.0
Target DLL:      UL2CM3.DLL V1.155.0.0
Dialog DLL:      TCM.DLL V1.14.4.0
 
<h2>Project:</h2>
C:\Users\lan50\Desktop\test1\MDK-ARM\object.uvprojx
Project File Date:  08/06/2017

<h2>Output:</h2>
Build target 'object'
compiling main.c...
compiling gpio.c...
linking...
Program Size: Code=672 RO-data=336 RW-data=4 ZI-data=1124  
".\Objects\object.axf" - 0 Error(s), 0 Warning(s).
</pre>
</body>
</html>
